This is e-upTeX, Version 3.141592653-p4.1.2-u2.02-251130-2.6 (utf8.euc) (TeX Live 2026) (preloaded format=platex 2026.7.24)  31 JUL 2026 06:20
entering extended mode
 restricted \write18 enabled.
 %&-line parsing enabled.
**wiss_template
(./wiss_template.tex
pLaTeX2e <2023-02-14>+1, based on
LaTeX2e <2026-06-01>
L3 programming layer <2026-06-18>
(./wiss.cls
Document Class: wiss 2010/07/06 pLaTeX class for WISS
(./wissbase11.cls

LaTeX Font Warning: Font shape `OT1/cmr/m/n' in size <10.5> not available
(Font)              size <10.95> substituted on input line 51.

)
\c@part=\count276
\c@section=\count277
\c@subsection=\count278
\c@subsubsection=\count279
\c@paragraph=\count280
\c@subparagraph=\count281
\c@figure=\count282
\c@table=\count283
\@abstractbox=\box70
) (/Users/kurihara/texlive/2026/texmf-dist/tex/latex/ascmac/ascmac.sty
Package: ascmac 2020/01/15 v2.1 ascmac wrapper (community edition) 

(/Users/kurihara/texlive/2026/texmf-dist/tex/latex/ascmac/tascmac.sty
Package: tascmac 2020/01/15 v2.1 ascmac package (community edition) 
\@savetbaselineshift=\dimen166
\@saveybaselineshift=\dimen167
\scb@x=\box71
\scscb@x=\box72
\@bw=\dimen168
\@nbox=\box73
\@nbody=\box74
\@scw=\dimen169
\ascmac@hoboxa=\box75
\ascmac@hoboxb=\box76
\@itemh=\dimen170
\@iboxpos=\toks18
\@iboxstr=\box77
\@bwsp=\box78
\@@bwsp=\box79
\@bcal=\count284
\shaderule=\dimen171
))
(/Users/kurihara/texlive/2026/texmf-dist/tex/latex/graphics/graphicx.sty
Package: graphicx 2026-05-17 v1.2e Enhanced LaTeX Graphics (DPC,SPQR)

(/Users/kurihara/texlive/2026/texmf-dist/tex/latex/graphics/keyval.sty
Package: keyval 2026-05-17 v1.15 key=value parser (DPC)
\KV@toks@=\toks19
)
(/Users/kurihara/texlive/2026/texmf-dist/tex/latex/graphics/graphics.sty
Package: graphics 2026-05-17 v1.4h Standard LaTeX Graphics (DPC,SPQR)

(/Users/kurihara/texlive/2026/texmf-dist/tex/latex/graphics/trig.sty
Package: trig 2023/12/02 v1.11 sin cos tan (DPC)
)
(/Users/kurihara/texlive/2026/texmf-dist/tex/latex/graphics-cfg/graphics.cfg
File: graphics.cfg 2016/06/04 v1.11 sample graphics configuration
)
Package graphics Info: Driver file: dvipdfmx.def on input line 106.

(/Users/kurihara/texlive/2026/texmf-dist/tex/latex/graphics-def/dvipdfmx.def
File: dvipdfmx.def 2025/09/29 v5.0n Graphics/color driver for dvipdfmx
))
\Gin@req@height=\dimen172
\Gin@req@width=\dimen173
) (/Users/kurihara/texlive/2026/texmf-dist/tex/latex/nidanfloat/nidanfloat.sty
Package: nidanfloat 2018/07/28 v2.9 Put double-floats at top/bottom within twoc
olumn mode
\c@dblbotnumber=\count285
\@dblbotroom=\dimen174
\@dblbotnum=\count286
\@floatht=\dimen175
\@fixht=\dimen176
\@rightfixht=\dimen177
\@combinebox=\box80
)
(/Users/kurihara/texlive/2026/texmf-dist/tex/latex/tools/multicol.sty
Package: multicol 2025/10/21 v2.0b multicolumn formatting (FMi)
\c@tracingmulticols=\count287
\mult@box=\box81
\multicol@leftmargin=\dimen178
\c@unbalance=\count288
\c@collectmore=\count289
\doublecol@number=\count290
\multicoltolerance=\count291
\multicolpretolerance=\count292
\full@width=\dimen179
\page@free=\dimen180
\premulticols=\dimen181
\postmulticols=\dimen182
\multicolsep=\skip49
\multicolbaselineskip=\skip50
\partial@page=\box82
\last@line=\box83
\mc@boxedresult=\box84
\maxbalancingoverflow=\dimen183
\mult@rightbox=\box85
\mult@grightbox=\box86
\mult@firstbox=\box87
\mult@gfirstbox=\box88
\@tempa=\box89
\@tempa=\box90
\@tempa=\box91
\@tempa=\box92
\@tempa=\box93
\@tempa=\box94
\@tempa=\box95
\@tempa=\box96
\@tempa=\box97
\@tempa=\box98
\@tempa=\box99
\@tempa=\box100
\@tempa=\box101
\@tempa=\box102
\@tempa=\box103
\@tempa=\box104
\@tempa=\box105
\@tempa=\box106
\@tempa=\box107
\@tempa=\box108
\@tempa=\box109
\@tempa=\box110
\@tempa=\box111
\@tempa=\box112
\@tempa=\box113
\@tempa=\box114
\@tempa=\box115
\@tempa=\box116
\@tempa=\box117
\@tempa=\box118
\@tempa=\box119
\@tempa=\box120
\@tempa=\box121
\@tempa=\box122
\@tempa=\box123
\@tempa=\box124
\c@minrows=\count293
\c@columnbadness=\count294
\c@finalcolumnbadness=\count295
\last@try=\dimen184
\multicolovershoot=\dimen185
\multicolundershoot=\dimen186
\mult@nat@firstbox=\box125
\colbreak@box=\box126
\mc@col@check@num=\count296
\g__mc_curr_col_int=\count297
)
(/Users/kurihara/texlive/2026/texmf-dist/tex/latex/graphics/color.sty
Package: color 2026-05-17 v1.3f Standard LaTeX Color (DPC)

(/Users/kurihara/texlive/2026/texmf-dist/tex/latex/graphics-cfg/color.cfg
File: color.cfg 2016/01/02 v1.6 sample color configuration
)
Package color Info: Driver file: dvips.def on input line 149.

(/Users/kurihara/texlive/2026/texmf-dist/tex/latex/graphics-def/dvips.def
File: dvips.def 2025/01/21 v3.2a Graphics/color driver for dvips
)
(/Users/kurihara/texlive/2026/texmf-dist/tex/latex/graphics/dvipsnam.def
File: dvipsnam.def 2026-05-17 v3.0m Driver-dependent file (DPC,SPQR)
)
(/Users/kurihara/texlive/2026/texmf-dist/tex/latex/graphics/mathcolor.ltx))
(/Users/kurihara/texlive/2026/texmf-dist/tex/latex/sttools/flushend.sty
Package: flushend 2025/06/18 v4.3 Balancing columns in twocolumn mode (ST)
\flushend@@lastskip@a=\skip51
\flushend@@lastskip@b=\skip52
\flushend@@lastnode=\count298
\var@@loop@iter=\count299
\var@@temp@spread=\dimen187
\var@@temp@a=\dimen188
\var@@temp@loop=\dimen189
\flushend@@page@rule=\dimen190
\flushend@@varbox@lastpage=\box127
\flushend@@varbox@a=\box128
\flushend@@varbox@c=\box129
\flushend@@tempbox@a=\box130
\flushend@@tempbox@c=\box131
\flushend@@floatbox=\box132
\@viper=\box133
\hold@viper=\box134
\atColsBreak=\toks20
\atColsEnd=\toks21
\oldbreak@skip=\dimen191
)
(/Users/kurihara/texlive/2026/texmf-dist/tex/latex/url/url.sty
\Urlmuskip=\muskip17
Package: url 2013/09/16  ver 3.4  Verb mode for urls, etc.
)
(/Users/kurihara/texlive/2026/texmf-dist/tex/latex/l3backend/l3backend-dvips.de
f
File: l3backend-dvips.def 2026-02-18 L3 backend support: dvips
\l__pdfannot_backend_content_box=\box135
\l__pdfannot_backend_model_box=\box136
\g__pdfannot_backend_int=\count300
\g__pdfannot_backend_link_int=\count301
\g__pdfannot_backend_link_sf_int=\count302
) (./wiss_template.aux)
\openout1 = `wiss_template.aux'.

LaTeX Font Info:    Checking defaults for OML/cmm/m/it on input line 44.
LaTeX Font Info:    ... okay on input line 44.
LaTeX Font Info:    Checking defaults for OMS/cmsy/m/n on input line 44.
LaTeX Font Info:    ... okay on input line 44.
LaTeX Font Info:    Checking defaults for OT1/cmr/m/n on input line 44.
LaTeX Font Info:    ... okay on input line 44.
LaTeX Font Info:    Checking defaults for T1/cmr/m/n on input line 44.
LaTeX Font Info:    ... okay on input line 44.
LaTeX Font Info:    Checking defaults for TS1/cmr/m/n on input line 44.
LaTeX Font Info:    ... okay on input line 44.
LaTeX Font Info:    Checking defaults for OMX/cmex/m/n on input line 44.
LaTeX Font Info:    ... okay on input line 44.
LaTeX Font Info:    Checking defaults for U/cmr/m/n on input line 44.
LaTeX Font Info:    ... okay on input line 44.
LaTeX Font Info:    Checking defaults for JY1/mc/m/n on input line 44.
LaTeX Font Info:    ... okay on input line 44.
LaTeX Font Info:    Checking defaults for JT1/mc/m/n on input line 44.
LaTeX Font Info:    ... okay on input line 44.
LaTeX Font Info:    Font shape `JT1/mc/bx/n' in size <10> not available
(Font)              Font shape `JT1/gt/m/n' tried instead on input line 59.
LaTeX Font Info:    Font shape `JY1/mc/bx/n' in size <10> not available
(Font)              Font shape `JY1/gt/m/n' tried instead on input line 59.


LaTeX Font Warning: Font shape `OT1/cmss/m/n' in size <10.5> not available
(Font)              size <10.95> substituted on input line 72.

LaTeX Font Info:    Font shape `JT1/mc/bx/n' in size <14.4> not available
(Font)              Font shape `JT1/gt/m/n' tried instead on input line 72.
LaTeX Font Info:    Font shape `JY1/mc/bx/n' in size <14.4> not available
(Font)              Font shape `JY1/gt/m/n' tried instead on input line 72.
LaTeX Font Info:    External font `cmex10' loaded for size
(Font)              <12> on input line 72.
LaTeX Font Info:    External font `cmex10' loaded for size
(Font)              <8> on input line 72.
LaTeX Font Info:    External font `cmex10' loaded for size
(Font)              <6> on input line 72.
LaTeX Font Info:    Font shape `JT1/mc/bx/n' in size <12> not available
(Font)              Font shape `JT1/gt/m/n' tried instead on input line 72.
LaTeX Font Info:    Font shape `JY1/mc/bx/n' in size <12> not available
(Font)              Font shape `JY1/gt/m/n' tried instead on input line 72.
LaTeX Font Info:    External font `cmex10' loaded for size
(Font)              <9> on input line 72.
LaTeX Font Info:    External font `cmex10' loaded for size
(Font)              <5> on input line 72.
LaTeX Font Info:    Calculating math sizes for size <10.5> on input line 76.

LaTeX Font Warning: Font shape `OML/cmm/m/it' in size <10.5> not available
(Font)              size <10.95> substituted on input line 76.


LaTeX Font Warning: Font shape `OMS/cmsy/m/n' in size <10.5> not available
(Font)              size <10.95> substituted on input line 76.

LaTeX Font Info:    External font `cmex10' loaded for size
(Font)              <10.5> on input line 76.
LaTeX Font Info:    External font `cmex10' loaded for size
(Font)              <7.34996> on input line 76.
LaTeX Font Info:    External font `cmex10' loaded for size
(Font)              <5.25> on input line 76.
LaTeX Font Info:    Font shape `JT1/mc/bx/n' in size <10.5> not available
(Font)              Font shape `JT1/gt/m/n' tried instead on input line 86.
LaTeX Font Info:    Font shape `JY1/mc/bx/n' in size <10.5> not available
(Font)              Font shape `JY1/gt/m/n' tried instead on input line 86.

LaTeX Font Warning: Font shape `OT1/cmr/bx/n' in size <10.5> not available
(Font)              size <10.95> substituted on input line 86.


LaTeX Font Warning: Font shape `OT1/cmtt/m/n' in size <10.5> not available
(Font)              size <10.95> substituted on input line 88.


Overfull \hbox (30.99069pt too wide) in paragraph at lines 100--106
\JY1/mc/m/n/10.5 などを書き入れると ， []\OT1/cmtt/m/n/10.95 http://www.sample.
url.xx.yyy/
 []


ignored: Infinite glue shrinkage found in box being split [1



]
Overfull \hbox (26.22504pt too wide) in paragraph at lines 160--161
 [][] 
 []

LaTeX Font Info:    Font shape `JT1/mc/bx/n' in size <9> not available
(Font)              Font shape `JT1/gt/m/n' tried instead on input line 161.
LaTeX Font Info:    Font shape `JY1/mc/bx/n' in size <9> not available
(Font)              Font shape `JY1/gt/m/n' tried instead on input line 161.

Overfull \hbox (11.41301pt too wide) in paragraph at lines 179--181
[]\JY1/mc/m/n/10.5 アブストラクト （ 論文概要 ） は ， []\OT1/cmtt/m/n/10.95 \b
egin{abstract}
 []

LaTeX Font Info:    Kanji font shape `JY1/mc/m/sc' undefined
(Font)              No change on input line 201.

LaTeX Font Warning: Font shape `OT1/cmr/m/sc' in size <10.5> not available
(Font)              size <10.95> substituted on input line 201.

File: wissfig_.eps Graphic file (type eps)
<wissfig_.eps> [2]
File: graph_.eps Graphic file (type eps)
 <graph_.eps>
Underfull \vbox (badness 10000) has occurred while \output is active []

 [3]
(./wiss_template.bbl
Underfull \hbox (badness 10000) in paragraph at lines 4--7
[]\OT1/cmr/m/n/10 IEEE Style Man-ual.
 []


Underfull \hbox (badness 10000) in paragraph at lines 4--7
\OT1/cmr/m/n/10 http://ieeeauthorcenter.ieee.org/wp-
 []


Underfull \hbox (badness 10000) in paragraph at lines 9--12
[]\OT1/cmr/m/n/10 WISS \JY1/mc/m/n/10 運営委員\OT1/cmr/m/n/10 .  WISS \JY1/mc/m
/n/10 ホ ームペ ージ\OT1/cmr/m/n/10 .
 []

)
\FUTURE=\box137
File: vision.eps Graphic file (type eps)
 <vision.eps>
\FUTUREHT=\skip53

Overfull \hbox (24.19879pt too wide) in paragraph at lines 450--455
[]|  []
 []

[4

] (./wiss_template.aux) ) 
Here is how much of TeX's memory you used:
 1650 strings out of 469289
 28835 string characters out of 5461291
 457461 words of memory out of 5000000
 30787 multiletter control sequences out of 15000+600000
 642866 words of font info for 99 fonts, out of 8000000 for 9000
 36 hyphenation exceptions out of 8191
 57i,11n,65p,469b,490s stack positions out of 10000i,1000n,20000p,200000b,200000s

Output written on wiss_template.dvi (4 pages, 30588 bytes).
